// Jest Snapshot v1, https://goo.gl/fbAQLP

exports[`SearchButton has a valid snapshot 1`] = `
<form
  onSubmit={[Function]}
>
  Search
  <input
    onChange={undefined}
    type="text"
    value={undefined}
  />
  <button
    type="submit"
  >
    Search
  </button>
</form>
`;
